[genuine-mollusk.10web.me/index.html]
[backblue.gif]
[fade.gif]
[index.html]
[genuine-mollusk.10web.me/wp-content/cache/tw_optimize/css/two_front_page_aggregated_5031697833a1b266bf9fe4d7a52cf38e_delay.minb7b0.css]
[genuine-mollusk.10web.me/wp-json/wp/v2/pages/263.json]
[genuine-mollusk.10web.me/wp-json/oembed/1.0/embed27e0.json]
[genuine-mollusk.10web.me/wp-json/index.html]
[genuine-mollusk.10web.me/feed/index.html]
[genuine-mollusk.10web.me/wp-json/oembed/1.0/embed0763]
[genuine-mollusk.10web.me/wp-content/plugins/tenweb-builder/assets/common/fonts/twbb-icons6671.ttf]
[genuine-mollusk.10web.me/wp-content/uploads/elementor/google-fonts/fonts/montserrat-jtuqjig1_i6t8kchkm459wxrys7m.woff2]
[genuine-mollusk.10web.me/wp-content/uploads/elementor/google-fonts/fonts/montserrat-jtusjig1_i6t8kchkm459wlhyw.woff2]
[genuine-mollusk.10web.me/GET]
[genuine-mollusk.10web.me/wp-content/uploads/2025/04/logo_iaywvyRz.webp]
[genuine-mollusk.10web.me/wp-content/uploads/2025/04/tenweb_media_rwq5jiron.webp]
[genuine-mollusk.10web.me/wp-content/uploads/2025/04/tenweb_media_r6rtusxk7.webp]
[genuine-mollusk.10web.me/wp-content/uploads/2025/04/tenweb_media_rquynczzs.webp]
[genuine-mollusk.10web.me/wp-content/uploads/2025/04/tenweb_media_rcq1hef2h.webp]
[genuine-mollusk.10web.me/wp-content/uploads/2025/04/tenweb_media_rl9xql0og.webp]
[genuine-mollusk.10web.me/wp-content/uploads/2025/04/tenweb_media_rhuf7cwpy.webp]
[genuine-mollusk.10web.me/wp-content/uploads/2025/04/tenweb_media_rddbijnk2.webp]
[genuine-mollusk.10web.me/wp-content/uploads/2025/04/tenweb_media_rnd5e9zuh.webp]
[genuine-mollusk.10web.me/wp-content/uploads/2025/04/logo_M1KvauhH.webp]
[genuine-mollusk.10web.me/wp-content/uploads/2025/04/logo_c10qEjBX.webp]
[genuine-mollusk.10web.me/terms-and-conditions/index.html]
[genuine-mollusk.10web.me/wp-content/uploads/2025/04/logo_YQaJkNxT.webp]
[genuine-mollusk.10web.me/wp-content/uploads/2025/04/tenweb_media_rmlytxjuq.webp]
[genuine-mollusk.10web.me/wp-content/uploads/2025/04/tenweb_media_ryuwdge9r-300x169.webp]
[genuine-mollusk.10web.me/wp-content/uploads/2025/04/tenweb_media_ripxfdtmn.webp]
[genuine-mollusk.10web.me/wp-content/plugins/tenweb-speed-optimizer/includes/external/js/vanilla-lazyload/lazyload.min.js]
[genuine-mollusk.10web.me/index.html]
[genuine-mollusk.10web.me/wp-content/plugins/tenweb-speed-optimizer/includes/external/js/vanilla-lazyload/two_bg_vanilla.js]
[genuine-mollusk.10web.me/wp-content/uploads/elementor/google-fonts/fonts/montserrat-jtuqjig1_i6t8kchkm459wxrxc7mw9c.woff2]
[genuine-mollusk.10web.me/wp-content/plugins/elementor/assets/lib/font-awesome/webfonts/fa-brands-400.eot]
[genuine-mollusk.10web.me/wp-content/cache/tw_optimize/css/two_front_page_aggregated_5031697833a1b266bf9fe4d7a52cf38e_delay.minb7b0.css]
[genuine-mollusk.10web.me/comments/feed/index.html]
[genuine-mollusk.10web.me/category/web-design/index.html]
[genuine-mollusk.10web.me/xmlrpc0db0.html]
[genuine-mollusk.10web.me/GET.html]
[genuine-mollusk.10web.me/services/index.html]
[genuine-mollusk.10web.me/about-us/index.html]
[genuine-mollusk.10web.me/contact/index.html]
[genuine-mollusk.10web.me/case-studies/index.html]
[genuine-mollusk.10web.me/wp-content/cache/tw_optimize/css/two_268_aggregated_5031697833a1b266bf9fe4d7a52cf38e_delay.min0e3c.css]
[genuine-mollusk.10web.me/privacy-policy/index.html]
[genuine-mollusk.10web.me/wp-content/cache/tw_optimize/css/two_268_aggregated.min0e3c.css]
[genuine-mollusk.10web.me/wp-json/wp/v2/pages/268.json]
[genuine-mollusk.10web.me/wp-json/oembed/1.0/embed83b4.json]
[genuine-mollusk.10web.me/wp-json/oembed/1.0/embed38b0]
[genuine-mollusk.10web.me/terms-and-conditions/GET]
[genuine-mollusk.10web.me/wp-content/uploads/2025/04/logo_54drwHGE.webp]
[genuine-mollusk.10web.me/terms-and-conditions/index.html]
[genuine-mollusk.10web.me/privacy-policy.html]
[genuine-mollusk.10web.me/portfolio-project-e-commerce-website-for-fashion-brand/index.html]
[genuine-mollusk.10web.me/website-design-trends-for-2024/index.html]
[genuine-mollusk.10web.me/wp-content/cache/tw_optimize/css/two_term_19_aggregated_5031697833a1b266bf9fe4d7a52cf38e_delay.min9144.css]
[genuine-mollusk.10web.me/wp-json/wp/v2/categories/19.json]
[genuine-mollusk.10web.me/wp-content/cache/tw_optimize/css/two_term_19_aggregated.min9144.css]
[genuine-mollusk.10web.me/category/web-design/index.html]
[genuine-mollusk.10web.me/the-importance-of-branding-in-the-digital-age/index.html]
[genuine-mollusk.10web.me/category/branding/index.html]
[genuine-mollusk.10web.me/boosting-startup-growth-with-strategic-it-solutions/index.html]
[genuine-mollusk.10web.me/category/startup-growth/index.html]
[genuine-mollusk.10web.me/wp-content/cache/tw_optimize/css/two_269_aggregated_5031697833a1b266bf9fe4d7a52cf38e_delay.min7f8e.css]
[genuine-mollusk.10web.me/category/web-design/feed/index.html]
[genuine-mollusk.10web.me/wp-content/cache/tw_optimize/css/two_269_aggregated.min7f8e.css]
[genuine-mollusk.10web.me/wp-json/wp/v2/pages/269.json]
[genuine-mollusk.10web.me/wp-json/oembed/1.0/embed79f5.json]
[genuine-mollusk.10web.me/wp-json/oembed/1.0/embed8c88]
[genuine-mollusk.10web.me/privacy-policy/index.html]
[genuine-mollusk.10web.me/wp-content/cache/tw_optimize/css/two_268_aggregated_5031697833a1b266bf9fe4d7a52cf38e_delay.min0e3c.css]
[genuine-mollusk.10web.me/wp-content/cache/tw_optimize/css/two_268_aggregated.min0e3c.css]
[genuine-mollusk.10web.me/indexc524.html]
[genuine-mollusk.10web.me/terms-and-conditions/GET.html]
[genuine-mollusk.10web.me/wp-content/cache/tw_optimize/css/two_term_19_aggregated_5031697833a1b266bf9fe4d7a52cf38e_delay.min9144.css]
[genuine-mollusk.10web.me/wp-content/cache/tw_optimize/css/two_term_19_aggregated.min9144.css]
[genuine-mollusk.10web.me/category/web-design/GET.html]
[genuine-mollusk.10web.me/wp-content/cache/tw_optimize/css/two_269_aggregated_5031697833a1b266bf9fe4d7a52cf38e_delay.min7f8e.css]
[genuine-mollusk.10web.me/wp-content/cache/tw_optimize/css/two_269_aggregated.min7f8e.css]
[genuine-mollusk.10web.me/index67bc.html]
[genuine-mollusk.10web.me/privacy-policy/GET.html]
